
> build
> remix vite:build

node.exe : [33mThe 
CJS build of Vite's 
Node API is 
deprecated. See http
s://vite.dev/guide/t
roubleshooting.html#
vite-cjs-node-api-de
precated for more 
details.[39m
At line:1 char:1
+ & "C:\Program File
s\nodejs/node.exe" "
C:\Users\orian\AppDa
ta\Roaming\ ...
+ ~~~~~~~~~~~~~~~~~~
~~~~~~~~~~~~~~~~~~~~
~~~~~~~~~~~~~~~~~~~~
~~~~~~~~~~~
    + CategoryInfo  
            : 
NotSpecifi    ed: 
([33mThe CJS     
bu...e details.[3  
  9m:String) [], 
Rem    oteException
    + 
FullyQualifiedEr    
rorId : NativeComm  
  andError
 
[7m[33m warn 
[39m[27m Fetcher 
persistence 
behavior is 
changing in React 
Router v7
[33mΓöâ[39m 
[90mYou can use 
the 
`v3_fetcherPersist` 
future flag to 
opt-in early.[39m
[33mΓöâ[39m 
[90m-> https://remi
x.run/docs/en/2.13.1
/start/future-flags#
v3_fetcherPersist[3
9m
[33mΓöù[39m
[7m[33m warn 
[39m[27m Route 
discovery/manifest 
behavior is 
changing in React 
Router v7
[33mΓöâ[39m 
[90mYou can use 
the `v3_lazyRouteDis
covery` future flag 
to opt-in 
early.[39m
[33mΓöâ[39m 
[90m-> https://remi
x.run/docs/en/2.13.1
/start/future-flags#
v3_lazyRouteDiscover
y[39m
[33mΓöù[39m
[7m[33m warn 
[39m[27m Relative 
routing behavior 
for splat routes is 
changing in React 
Router v7
[33mΓöâ[39m 
[90mYou can use 
the `v3_relativeSpla
tPath` future flag 
to opt-in 
early.[39m
[33mΓöâ[39m 
[90m-> https://remi
x.run/docs/en/2.13.1
/start/future-flags#
v3_relativeSplatPath
[39m
[33mΓöù[39m
[7m[33m warn 
[39m[27m Data 
fetching is 
changing to a 
single fetch in 
React Router v7
[33mΓöâ[39m 
[90mYou can use 
the 
`v3_singleFetch` 
future flag to 
opt-in early.[39m
[33mΓöâ[39m 
[90m-> https://remi
x.run/docs/en/2.13.1
/start/future-flags#
v3_singleFetch[39m
[33mΓöù[39m
[7m[33m warn 
[39m[27m The 
format of errors 
thrown on aborted 
requests is 
changing in React 
Router v7
[33mΓöâ[39m 
[90mYou can use 
the `v3_throwAbortRe
ason` future flag 
to opt-in 
early.[39m
[33mΓöâ[39m 
[90m-> https://remi
x.run/docs/en/2.13.1
/start/future-flags#
v3_throwAbortReason
[39m
[33mΓöù[39m
[36mvite v5.4.21 [32mbuilding for production...[36m[39m
transforming...
[32mΓ£ô[39m 878 modules transformed.
[31mx[39m Build 
failed in 2.38s
[31m[vite]: Rollup 
failed to resolve 
import "@remix-run/c
loudflare" from "C:/
Users/orian/Document
s/Portafolio/portfol
io/app/routes/contac
t/contact.jsx".
This is most likely 
unintended because 
it can break your 
application at 
runtime.
If you do want to 
externalize this 
module explicitly 
add it to
`build.rollupOptions
.external`[39m
    at viteWarn (fil
e:///C:/Users/orian/
Documents/Portafolio
/portfolio/node_modu
les/vite/dist/node/c
hunks/dep-BK3b2jBa.j
s:65855:17)
    at onwarn (C:\Us
ers\orian\Documents\
Portafolio\portfolio
\node_modules\@remix
-run\dev\dist\vite\p
lugin.js:630:13)
    at 
onRollupWarning (fil
e:///C:/Users/orian/
Documents/Portafolio
/portfolio/node_modu
les/vite/dist/node/c
hunks/dep-BK3b2jBa.j
s:65885:5)
    at onwarn (file:
///C:/Users/orian/Do
cuments/Portafolio/p
ortfolio/node_module
s/vite/dist/node/chu
nks/dep-BK3b2jBa.js:
65550:7)
    at file:///C:/Us
ers/orian/Documents/
Portafolio/portfolio
/node_modules/rollup
/dist/es/shared/node
-entry.js:21051:13
    at 
Object.logger [as 
onLog] (file:///C:/U
sers/orian/Documents
/Portafolio/portfoli
o/node_modules/rollu
p/dist/es/shared/nod
e-entry.js:22924:9)
    at ModuleLoader.
handleInvalidResolve
dId (file:///C:/User
s/orian/Documents/Po
rtafolio/portfolio/n
ode_modules/rollup/d
ist/es/shared/node-e
ntry.js:21668:26)
    at file:///C:/Us
ers/orian/Documents/
Portafolio/portfolio
/node_modules/rollup
/dist/es/shared/node
-entry.js:21626:26 {
  watchFiles: [
    'C:/Users/orian/
Documents/Portafolio
/portfolio/app/root.
jsx',
    'C:/Users/orian/
Documents/Portafolio
/portfolio/node_modu
les/@remix-run/dev/d
ist/config/defaults/
entry.client.tsx',
    'C:/Users/orian/
Documents/Portafolio
/portfolio/app/route
s/projects.smart-spa
rrow/route.js',
    'C:/Users/orian/
Documents/Portafolio
/portfolio/app/route
s/$.jsx',
    'C:/Users/orian/
Documents/Portafolio
/portfolio/app/route
s/skills/route.jsx',
    'C:/Users/orian/
Documents/Portafolio
/portfolio/app/route
s/skills_._index/rou
te.jsx',
    'C:/Users/orian/
Documents/Portafolio
/portfolio/app/route
s/home/route.js',
    'C:/Users/orian/
Documents/Portafolio
/portfolio/app/route
s/api.set-theme.js',
    'C:/Users/orian/
Documents/Portafolio
/portfolio/app/route
s/contact/route.js',
    'C:\\Users\\oria
n\\Documents\\Portaf
olio\\portfolio\\pac
kage.json',
    'C:/Users/orian/
Documents/Portafolio
/portfolio/node_modu
les/react/index.js',
    'C:/Users/orian/
Documents/Portafolio
/portfolio/node_modu
les/react/jsx-runtim
e.js',
    'C:/Users/orian/
Documents/Portafolio
/portfolio/node_modu
les/react-dom/client
.js',
    'C:/Users/orian/
Documents/Portafolio
/portfolio/node_modu
les/@remix-run/react
/dist/esm/index.js',
    'C:/Users/orian/
Documents/Portafolio
/portfolio/node_modu
les/react/cjs/react.
production.min.js',
    'C:/Users/orian/
Documents/Portafolio
/portfolio/node_modu
les/@remix-run/react
/dist/esm/scroll-res
toration.js',
    'C:/Users/orian/
Documents/Portafolio
/portfolio/node_modu
les/@remix-run/react
/dist/esm/browser.js
',
    'C:/Users/orian/
Documents/Portafolio
/portfolio/node_modu
les/@remix-run/serve
r-runtime/dist/esm/i
ndex.js',
    'C:/Users/orian/
Documents/Portafolio
/portfolio/node_modu
les/@remix-run/react
/dist/esm/components
.js',
    'C:/Users/orian/
Documents/Portafolio
/portfolio/node_modu
les/react-router-dom
/dist/index.js',
    'C:/Users/orian/
Documents/Portafolio
/portfolio/node_modu
les/@remix-run/react
/dist/esm/server.js'
,
    'C:/Users/orian/
Documents/Portafolio
/portfolio/app/route
s/projects.smart-spa
rrow/smart-sparrow.j
sx',
    'C:/Users/orian/
Documents/Portafolio
/portfolio/app/route
s/home/home.jsx',
    'C:/Users/orian/
Documents/Portafolio
/portfolio/node_modu
les/react/cjs/react-
jsx-runtime.producti
on.min.js',
    'C:/Users/orian/
Documents/Portafolio
/portfolio/node_modu
les/react-dom/index.
js',
    'C:/Users/orian/
Documents/Portafolio
/portfolio/app/route
s/contact/contact.js
x',
    'C:/Users/orian/
Documents/Portafolio
/portfolio/node_modu
les/@remix-run/react
/dist/esm/markup.js'
,
    'C:/Users/orian/
Documents/Portafolio
/portfolio/node_modu
les/@remix-run/react
/dist/esm/_virtual/_
rollupPluginBabelHel
pers.js',
    'C:/Users/orian/
Documents/Portafolio
/portfolio/node_modu
les/@remix-run/serve
r-runtime/dist/esm/r
esponses.js',
    'C:/Users/orian/
Documents/Portafolio
/portfolio/node_modu
les/@remix-run/serve
r-runtime/dist/esm/f
ormData.js',
    'C:/Users/orian/
Documents/Portafolio
/portfolio/node_modu
les/@remix-run/serve
r-runtime/dist/esm/s
essions/cookieStorag
e.js',
    'C:/Users/orian/
Documents/Portafolio
/portfolio/node_modu
les/@remix-run/serve
r-runtime/dist/esm/c
ookies.js',
    'C:/Users/orian/
Documents/Portafolio
/portfolio/node_modu
les/@remix-run/serve
r-runtime/dist/esm/s
ingle-fetch.js',
    'C:/Users/orian/
Documents/Portafolio
/portfolio/node_modu
les/@remix-run/serve
r-runtime/dist/esm/s
essions/memoryStorag
e.js',
    'C:/Users/orian/
Documents/Portafolio
/portfolio/node_modu
les/@remix-run/serve
r-runtime/dist/esm/s
erver.js',
    'C:/Users/orian/
Documents/Portafolio
/portfolio/node_modu
les/@remix-run/serve
r-runtime/dist/esm/s
essions.js',
    'C:/Users/orian/
Documents/Portafolio
/portfolio/node_modu
les/@remix-run/serve
r-runtime/dist/esm/u
pload/errors.js',
    'C:/Users/orian/
Documents/Portafolio
/portfolio/node_modu
les/@remix-run/serve
r-runtime/dist/esm/u
pload/memoryUploadHa
ndler.js',
    'C:/Users/orian/
Documents/Portafolio
/portfolio/node_modu
les/@remix-run/serve
r-runtime/dist/esm/d
ev.js',
    'C:/Users/orian/
Documents/Portafolio
/portfolio/node_modu
les/@remix-run/react
/dist/esm/errorBound
aries.js',
    'C:/Users/orian/
Documents/Portafolio
/portfolio/node_modu
les/@remix-run/react
/dist/esm/routes.js'
,
    'C:/Users/orian/
Documents/Portafolio
/portfolio/node_modu
les/react-router-dom
/server.mjs',
    'C:/Users/orian/
Documents/Portafolio
/portfolio/node_modu
les/@remix-run/react
/dist/esm/single-fet
ch.js',
    'C:/Users/orian/
Documents/Portafolio
/portfolio/node_modu
les/@remix-run/react
/dist/esm/invariant.
js',
    'C:/Users/orian/
Documents/Portafolio
/portfolio/node_modu
les/@remix-run/react
/dist/esm/errors.js'
,
    'C:/Users/orian/
Documents/Portafolio
/portfolio/node_modu
les/react-router/dis
t/index.js',
    'C:/Users/orian/
Documents/Portafolio
/portfolio/node_modu
les/@remix-run/react
/dist/esm/fog-of-war
.js',
    'C:/Users/orian/
Documents/Portafolio
/portfolio/node_modu
les/@remix-run/route
r/dist/router.js',
    'C:/Users/orian/
Documents/Portafolio
/portfolio/node_modu
les/react-dom/cjs/re
act-dom.production.m
in.js',
    'C:/Users/orian/
Documents/Portafolio
/portfolio/app/route
s/home/intro.jsx',
    'C:/Users/orian/
Documents/Portafolio
/portfolio/app/route
s/home/project-summa
ry.jsx',
    'C:/Users/orian/
Documents/Portafolio
/portfolio/app/route
s/home/home.module.c
ss',
    'C:/Users/orian/
Documents/Portafolio
/portfolio/app/globa
l.module.css',
    'C:/Users/orian/
Documents/Portafolio
/portfolio/app/route
s/home/profile.jsx',
    'C:/Users/orian/
Documents/Portafolio
/portfolio/node_modu
les/@remix-run/react
/dist/esm/links.js',
    'C:/Users/orian/
Documents/Portafolio
/portfolio/app/route
s/projects.smart-spa
rrow/smart-sparrow.m
odule.css',
    'C:/Users/orian/
Documents/Portafolio
/portfolio/app/route
s/projects.smart-spa
rrow/earth.jsx',
    'app/assets/game
stack-list-placehold
er.jpg',
    'app/assets/game
stack-list-large.jpg
',
    'app/assets/game
stack-list.jpg',
    'app/assets/spr-
lesson-builder-dark-
placeholder.jpg',
    'app/assets/game
stack-login-placehol
der.jpg',
    'app/assets/game
stack-login.jpg',
    'app/assets/spr-
lesson-builder-dark.
jpg',
    'app/assets/game
stack-login-large.jp
g',
    'C:/Users/orian/
Documents/Portafolio
/portfolio/app/confi
g.json',
    'app/assets/spr-
background-large.jpg
',
    'app/assets/spr-
background-volcanism
-placeholder.jpg',
    'app/assets/spr-
background-volcanism
.jpg',
    'app/assets/spr-
background-volcanism
-large.jpg',
    'app/assets/spr-
components-dark-plac
eholder.png',
    'app/assets/spr-
background.jpg',
    'app/assets/spr-
components-dark.png'
,
    'app/assets/spr-
components-light-pla
ceholder.png',
    'app/assets/spr-
components-dark-larg
e.png',
    'app/assets/spr-
components-light-lar
ge.png',
    'app/assets/spr-
components-light.png
',
    'app/assets/spr-
design-system-light-
placeholder.png',
    'app/assets/spr-
design-system-dark-p
laceholder.png',
    'app/assets/spr-
design-system-dark.p
ng',
    'app/assets/spr-
lesson-builder-light
-placeholder.jpg',
    'app/assets/spr-
lesson-builder-light
-large.jpg',
    'app/assets/spr-
design-system-light.
png',
    'app/assets/spr-
lesson-builder-light
.jpg',
    'app/assets/spr-
schema-1-dark.png',
    'app/assets/spr-
schema-1-dark-large.
png',
    'app/assets/spr-
schema-1-light-large
.png',
    'app/assets/spr-
schema-2-dark-placeh
older.png',
    'app/assets/spr-
schema-2-dark-large.
png',
    'app/assets/spr-
schema-2-light.png',
    'app/assets/spr-
schema-1-light.png',
    'app/assets/spr-
schema-2-light-large
.png',
    'app/assets/spr-
storyboarder-dark.pn
g',
    'app/assets/spr-
storyboarder-light.p
ng',
    'app/assets/spr-
schema-2-dark.png',
    'app/assets/spr-
storyboarder-dark-la
rge.png',
    'app/assets/spr-
storyboarder-light-l
arge.png',
    'C:/Users/orian/
Documents/Portafolio
/portfolio/node_modu
les/@remix-run/serve
r-runtime/dist/esm/e
rrors.js',
    'C:/Users/orian/
Documents/Portafolio
/portfolio/node_modu
les/@remix-run/serve
r-runtime/dist/esm/h
eaders.js',
    'C:/Users/orian/
Documents/Portafolio
/portfolio/node_modu
les/@remix-run/serve
r-runtime/dist/esm/m
ode.js',
    ... 742 more 
items
  ]
}
