
> build
> remix vite:build

node.exe : [33mThe 
CJS build of Vite's 
Node API is 
deprecated. See http
s://vite.dev/guide/t
roubleshooting.html#
vite-cjs-node-api-de
precated for more 
details.[39m
At line:1 char:1
+ & "C:\Program File
s\nodejs/node.exe" "
C:\Users\orian\AppDa
ta\Roaming\ ...
+ ~~~~~~~~~~~~~~~~~~
~~~~~~~~~~~~~~~~~~~~
~~~~~~~~~~~~~~~~~~~~
~~~~~~~~~~~
    + CategoryInfo  
            : NotS  
  pecified: ([33   
 mThe CJS bu...e    
 details.[39m:    
String) [], Rem    
oteException
    + FullyQualifie 
   dErrorId : Nati  
  veCommandError
 
[36mvite v5.4.21 [32mbuilding for production...[36m[39m
transforming...
[32mΓ£ô[39m 830 modules transformed.
[31mx[39m Build 
failed in 2.32s
[31m[vite]: Rollup 
failed to resolve 
import "~/assets/mil
kyway.jpg" from "C:/
Users/orian/Document
s/Portafolio/portfol
io/app/routes/projec
ts.smart-sparrow/ear
th.jsx".
This is most likely 
unintended because 
it can break your 
application at 
runtime.
If you do want to 
externalize this 
module explicitly 
add it to
`build.rollupOptions
.external`[39m
    at viteWarn (fil
e:///C:/Users/orian/
Documents/Portafolio
/portfolio/node_modu
les/vite/dist/node/c
hunks/dep-BK3b2jBa.j
s:65855:17)
    at onwarn (C:\Us
ers\orian\Documents\
Portafolio\portfolio
\node_modules\@remix
-run\dev\dist\vite\p
lugin.js:630:13)
    at 
onRollupWarning (fil
e:///C:/Users/orian/
Documents/Portafolio
/portfolio/node_modu
les/vite/dist/node/c
hunks/dep-BK3b2jBa.j
s:65885:5)
    at onwarn (file:
///C:/Users/orian/Do
cuments/Portafolio/p
ortfolio/node_module
s/vite/dist/node/chu
nks/dep-BK3b2jBa.js:
65550:7)
    at file:///C:/Us
ers/orian/Documents/
Portafolio/portfolio
/node_modules/rollup
/dist/es/shared/node
-entry.js:20969:13
    at 
Object.logger [as 
onLog] (file:///C:/U
sers/orian/Documents
/Portafolio/portfoli
o/node_modules/rollu
p/dist/es/shared/nod
e-entry.js:22942:9)
    at ModuleLoader.
handleInvalidResolve
dId (file:///C:/User
s/orian/Documents/Po
rtafolio/portfolio/n
ode_modules/rollup/d
ist/es/shared/node-e
ntry.js:21686:26)
    at file:///C:/Us
ers/orian/Documents/
Portafolio/portfolio
/node_modules/rollup
/dist/es/shared/node
-entry.js:21644:26 {
  watchFiles: [
    'C:/Users/orian/
Documents/Portafolio
/portfolio/app/root.
jsx',
    'C:/Users/orian/
Documents/Portafolio
/portfolio/node_modu
les/@remix-run/dev/d
ist/config/defaults/
entry.client.tsx',
    'C:/Users/orian/
Documents/Portafolio
/portfolio/app/route
s/projects.smart-spa
rrow/route.js',
    'C:/Users/orian/
Documents/Portafolio
/portfolio/app/route
s/api.set-theme.js',
    'C:/Users/orian/
Documents/Portafolio
/portfolio/app/route
s/skills/route.jsx',
    'C:/Users/orian/
Documents/Portafolio
/portfolio/app/route
s/test.jsx',
    'C:/Users/orian/
Documents/Portafolio
/portfolio/app/route
s/_index.jsx',
    'C:/Users/orian/
Documents/Portafolio
/portfolio/app/route
s/contact/route.jsx'
,
    'C:/Users/orian/
Documents/Portafolio
/portfolio/app/route
s/home/route.js',
    'C:/Users/orian/
Documents/Portafolio
/portfolio/app/route
s/$.jsx',
    'C:\\Users\\oria
n\\Documents\\Portaf
olio\\portfolio\\pac
kage.json',
    'C:/Users/orian/
Documents/Portafolio
/portfolio/node_modu
les/react/jsx-runtim
e.js',
    'C:/Users/orian/
Documents/Portafolio
/portfolio/node_modu
les/react-dom/client
.js',
    'C:/Users/orian/
Documents/Portafolio
/portfolio/node_modu
les/@remix-run/react
/dist/esm/index.js',
    'C:/Users/orian/
Documents/Portafolio
/portfolio/node_modu
les/react/index.js',
    'C:/Users/orian/
Documents/Portafolio
/portfolio/app/route
s/home/home.jsx',
    'C:/Users/orian/
Documents/Portafolio
/portfolio/app/route
s/projects.smart-spa
rrow/smart-sparrow.j
sx',
    'C:/Users/orian/
Documents/Portafolio
/portfolio/node_modu
les/@remix-run/react
/dist/esm/browser.js
',
    'C:/Users/orian/
Documents/Portafolio
/portfolio/node_modu
les/@remix-run/react
/dist/esm/components
.js',
    'C:/Users/orian/
Documents/Portafolio
/portfolio/node_modu
les/@remix-run/react
/dist/esm/scroll-res
toration.js',
    'C:/Users/orian/
Documents/Portafolio
/portfolio/node_modu
les/react-router-dom
/dist/index.js',
    'C:/Users/orian/
Documents/Portafolio
/portfolio/node_modu
les/@remix-run/serve
r-runtime/dist/esm/i
ndex.js',
    'C:/Users/orian/
Documents/Portafolio
/portfolio/node_modu
les/@remix-run/react
/dist/esm/server.js'
,
    'C:/Users/orian/
Documents/Portafolio
/portfolio/node_modu
les/react/cjs/react.
production.min.js',
    'C:/Users/orian/
Documents/Portafolio
/portfolio/node_modu
les/react/cjs/react-
jsx-runtime.producti
on.min.js',
    'C:/Users/orian/
Documents/Portafolio
/portfolio/node_modu
les/react-dom/index.
js',
    'C:/Users/orian/
Documents/Portafolio
/portfolio/node_modu
les/@remix-run/react
/dist/esm/_virtual/_
rollupPluginBabelHel
pers.js',
    'C:/Users/orian/
Documents/Portafolio
/portfolio/node_modu
les/@remix-run/serve
r-runtime/dist/esm/c
ookies.js',
    'C:/Users/orian/
Documents/Portafolio
/portfolio/node_modu
les/@remix-run/serve
r-runtime/dist/esm/f
ormData.js',
    'C:/Users/orian/
Documents/Portafolio
/portfolio/node_modu
les/@remix-run/react
/dist/esm/markup.js'
,
    'C:/Users/orian/
Documents/Portafolio
/portfolio/node_modu
les/@remix-run/serve
r-runtime/dist/esm/r
esponses.js',
    'C:/Users/orian/
Documents/Portafolio
/portfolio/node_modu
les/@remix-run/serve
r-runtime/dist/esm/s
erver.js',
    'C:/Users/orian/
Documents/Portafolio
/portfolio/node_modu
les/@remix-run/serve
r-runtime/dist/esm/s
essions.js',
    'C:/Users/orian/
Documents/Portafolio
/portfolio/node_modu
les/@remix-run/serve
r-runtime/dist/esm/s
essions/memoryStorag
e.js',
    'C:/Users/orian/
Documents/Portafolio
/portfolio/node_modu
les/@remix-run/serve
r-runtime/dist/esm/s
ingle-fetch.js',
    'C:/Users/orian/
Documents/Portafolio
/portfolio/node_modu
les/@remix-run/serve
r-runtime/dist/esm/u
pload/memoryUploadHa
ndler.js',
    'C:/Users/orian/
Documents/Portafolio
/portfolio/node_modu
les/@remix-run/serve
r-runtime/dist/esm/d
ev.js',
    'C:/Users/orian/
Documents/Portafolio
/portfolio/node_modu
les/@remix-run/serve
r-runtime/dist/esm/u
pload/errors.js',
    'C:/Users/orian/
Documents/Portafolio
/portfolio/node_modu
les/@remix-run/serve
r-runtime/dist/esm/s
essions/cookieStorag
e.js',
    'C:/Users/orian/
Documents/Portafolio
/portfolio/node_modu
les/@remix-run/react
/dist/esm/single-fet
ch.js',
    'C:/Users/orian/
Documents/Portafolio
/portfolio/node_modu
les/@remix-run/react
/dist/esm/errorBound
aries.js',
    'C:/Users/orian/
Documents/Portafolio
/portfolio/node_modu
les/@remix-run/react
/dist/esm/routes.js'
,
    'C:/Users/orian/
Documents/Portafolio
/portfolio/node_modu
les/react-router-dom
/server.mjs',
    'C:/Users/orian/
Documents/Portafolio
/portfolio/app/route
s/home/intro.jsx',
    'C:/Users/orian/
Documents/Portafolio
/portfolio/app/route
s/home/home.module.c
ss',
    'C:/Users/orian/
Documents/Portafolio
/portfolio/app/globa
l.css',
    'C:/Users/orian/
Documents/Portafolio
/portfolio/app/route
s/home/profile.jsx',
    'C:/Users/orian/
Documents/Portafolio
/portfolio/app/route
s/home/project-summa
ry.jsx',
    'C:/Users/orian/
Documents/Portafolio
/portfolio/app/route
s/projects.smart-spa
rrow/smart-sparrow.m
odule.css',
    'C:/Users/orian/
Documents/Portafolio
/portfolio/app/route
s/projects.smart-spa
rrow/earth.jsx',
    'app/assets/game
stack-list-placehold
er.jpg',
    'app/assets/game
stack-list-large.jpg
',
    'app/assets/game
stack-list.jpg',
    'app/assets/game
stack-login-placehol
der.jpg',
    'app/assets/game
stack-login.jpg',
    'app/assets/game
stack-login-large.jp
g',
    'app/assets/spr-
lesson-builder-dark-
placeholder.jpg',
    'C:/Users/orian/
Documents/Portafolio
/portfolio/app/confi
g.json',
    'app/assets/spr-
lesson-builder-dark.
jpg',
    'C:/Users/orian/
Documents/Portafolio
/portfolio/node_modu
les/@remix-run/react
/dist/esm/invariant.
js',
    'C:/Users/orian/
Documents/Portafolio
/portfolio/node_modu
les/@remix-run/react
/dist/esm/fog-of-war
.js',
    'C:/Users/orian/
Documents/Portafolio
/portfolio/node_modu
les/@remix-run/react
/dist/esm/errors.js'
,
    'C:/Users/orian/
Documents/Portafolio
/portfolio/node_modu
les/@remix-run/react
/dist/esm/links.js',
    'C:/Users/orian/
Documents/Portafolio
/portfolio/node_modu
les/@remix-run/route
r/dist/router.js',
    'C:/Users/orian/
Documents/Portafolio
/portfolio/node_modu
les/react-router/dis
t/index.js',
    'app/assets/spr-
lesson-builder-dark-
large.jpg',
    'C:/Users/orian/
Documents/Portafolio
/portfolio/node_modu
les/react-dom/cjs/re
act-dom.production.m
in.js',
    'C:/Users/orian/
Documents/Portafolio
/portfolio/app/utils
/meta.js',
    'C:/Users/orian/
Documents/Portafolio
/portfolio/app/utils
/style.js',
    'C:/Users/orian/
Documents/Portafolio
/portfolio/node_modu
les/@remix-run/serve
r-runtime/dist/esm/w
arnings.js',
    'C:/Users/orian/
Documents/Portafolio
/portfolio/node_modu
les/@remix-run/serve
r-runtime/dist/esm/e
rrors.js',
    'C:/Users/orian/
Documents/Portafolio
/portfolio/node_modu
les/@web3-storage/mu
ltipart-parser/esm/s
rc/index.js',
    'C:/Users/orian/
Documents/Portafolio
/portfolio/node_modu
les/@remix-run/serve
r-runtime/dist/esm/r
outeMatching.js',
    'C:/Users/orian/
Documents/Portafolio
/portfolio/node_modu
les/cookie/index.js'
,
    'C:/Users/orian/
Documents/Portafolio
/portfolio/node_modu
les/@remix-run/serve
r-runtime/dist/esm/i
nvariant.js',
    'C:/Users/orian/
Documents/Portafolio
/portfolio/node_modu
les/@remix-run/serve
r-runtime/dist/esm/e
ntry.js',
    'C:/Users/orian/
Documents/Portafolio
/portfolio/node_modu
les/@remix-run/serve
r-runtime/dist/esm/m
ode.js',
    'C:/Users/orian/
Documents/Portafolio
/portfolio/node_modu
les/@remix-run/serve
r-runtime/dist/esm/h
eaders.js',
    'C:/Users/orian/
Documents/Portafolio
/portfolio/node_modu
les/@remix-run/serve
r-runtime/dist/esm/s
erverHandoff.js',
    'C:/Users/orian/
Documents/Portafolio
/portfolio/node_modu
les/@remix-run/serve
r-runtime/dist/esm/d
eprecations.js',
    'C:/Users/orian/
Documents/Portafolio
/portfolio/node_modu
les/turbo-stream/dis
t/turbo-stream.mjs',
    'C:/Users/orian/
Documents/Portafolio
/portfolio/node_modu
les/@remix-run/serve
r-runtime/dist/esm/a
ctions.js',
    'C:/Users/orian/
Documents/Portafolio
/portfolio/node_modu
les/@remix-run/react
/dist/esm/data.js',
    'C:/Users/orian/
Documents/Portafolio
/portfolio/node_modu
les/@remix-run/serve
r-runtime/dist/esm/r
outes.js',
    'C:/Users/orian/
Documents/Portafolio
/portfolio/node_modu
les/@remix-run/react
/dist/esm/routeModul
es.js',
    'C:/Users/orian/
Documents/Portafolio
/portfolio/node_modu
les/@remix-run/react
/dist/esm/fallback.j
s',
    'C:/Users/orian/
Documents/Portafolio
/portfolio/node_modu
les/scheduler/index.
js',
    'C:/Users/orian/
Documents/Portafolio
/portfolio/app/route
s/skills/skills.jsx'
,
    'C:/Users/orian/
Documents/Portafolio
/portfolio/app/route
s/home/profile.modul
e.css',
    'C:/Users/orian/
Documents/Portafolio
/portfolio/app/route
s/home/displacement-
sphere.jsx',
    'C:/Users/orian/
Documents/Portafolio
/portfolio/app/route
s/home/intro.module.
css',
    'C:/Users/orian/
Documents/Portafolio
/portfolio/app/route
s/home/project-summa
ry.module.css',
    'C:/Users/orian/
Documents/Portafolio
/portfolio/app/root.
module.css',
    'app/assets/font
s/gotham-medium.woff
2',
    'app/assets/font
s/gotham-book.woff2'
,
    'C:/Users/orian/
Documents/Portafolio
/portfolio/app/reset
.css',
    'C:/Users/orian/
Documents/Portafolio
/portfolio/node_modu
les/@web3-storage/mu
ltipart-parser/esm/s
rc/utils.js',
    'C:/Users/orian/
Documents/Portafolio
/portfolio/node_modu
les/@web3-storage/mu
ltipart-parser/esm/s
rc/search.js',
    'C:/Users/orian/
Documents/Portafolio
/portfolio/node_modu
les/set-cookie-parse
r/lib/set-cookie.js'
,
    'C:/Users/orian/
Documents/Portafolio
/portfolio/node_modu
les/@remix-run/serve
r-runtime/dist/esm/m
arkup.js',
    ... 698 more 
items
  ]
}
